<?php return array (
  0 => 'Symfony\\Bundle\\FrameworkBundle\\Controller\\AbstractController',
  1 => 'App\\Controller\\AboutController',
  2 => 'App\\Controller\\AiderController',
  3 => 'App\\Controller\\ArticleController',
  4 => 'App\\Controller\\ContactController',
  5 => 'App\\Controller\\EventPageController',
  6 => 'App\\Controller\\FAQController',
  7 => 'App\\Controller\\HomeController',
  8 => 'App\\Controller\\MainController',
  9 => 'App\\Controller\\NewsController',
  10 => 'App\\Controller\\Page404Controller',
  11 => 'App\\Controller\\RegistrationController',
  12 => 'App\\Controller\\ResetPasswordController',
  13 => 'App\\Controller\\SecurityController',
  14 => 'App\\Controller\\UserController',
  15 => 'App\\Entity\\Article',
  16 => 'App\\Entity\\Categorie',
  17 => 'App\\Entity\\Center',
  18 => 'App\\Entity\\Comment',
  19 => 'App\\Entity\\Event',
  20 => 'App\\Entity\\Img',
  21 => 'App\\Entity\\Page',
  22 => 'App\\Entity\\Phone',
  23 => 'App\\Entity\\PhoneType',
  24 => 'App\\Entity\\ResetPasswordRequest',
  25 => 'App\\Entity\\User',
  26 => 'Doctrine\\Bundle\\DoctrineBundle\\Controller\\ProfilerController',
  27 => 'Doctrine\\ORM\\Cache\\Persister\\Entity\\AbstractEntityPersister',
  28 => 'Doctrine\\ORM\\Cache\\Persister\\Entity\\CachedEntityPersister',
  29 => 'Doctrine\\ORM\\Cache\\Persister\\Entity\\NonStrictReadWriteCachedEntityPersister',
  30 => 'Doctrine\\ORM\\Cache\\Persister\\Entity\\ReadOnlyCachedEntityPersister',
  31 => 'Doctrine\\ORM\\Cache\\Persister\\Entity\\ReadWriteCachedEntityPersister',
  32 => 'Doctrine\\ORM\\Persisters\\Entity\\AbstractEntityInheritancePersister',
  33 => 'Doctrine\\ORM\\Persisters\\Entity\\BasicEntityPersister',
  34 => 'Doctrine\\ORM\\Persisters\\Entity\\CachedPersisterContext',
  35 => 'Doctrine\\ORM\\Persisters\\Entity\\EntityPersister',
  36 => 'Doctrine\\ORM\\Persisters\\Entity\\JoinedSubclassPersister',
  37 => 'Doctrine\\ORM\\Persisters\\Entity\\SingleTablePersister',
  38 => 'SymfonyCasts\\Bundle\\ResetPassword\\Controller\\ResetPasswordControllerTrait',
  40 => 'Symfony\\Bundle\\FrameworkBundle\\Controller\\ControllerResolver',
  41 => 'Symfony\\Bundle\\FrameworkBundle\\Controller\\RedirectController',
  42 => 'Symfony\\Bundle\\FrameworkBundle\\Controller\\TemplateController',
  43 => 'Symfony\\Bundle\\WebProfilerBundle\\Controller\\ExceptionPanelController',
  44 => 'Symfony\\Bundle\\WebProfilerBundle\\Controller\\ProfilerController',
  45 => 'Symfony\\Bundle\\WebProfilerBundle\\Controller\\RouterController',
  46 => 'Symfony\\Component\\HttpKernel\\Controller\\ArgumentResolver',
  47 => 'Symfony\\Component\\HttpKernel\\Controller\\ArgumentResolverInterface',
  48 => 'Symfony\\Component\\HttpKernel\\Controller\\ArgumentResolver\\DefaultValueResolver',
  49 => 'Symfony\\Component\\HttpKernel\\Controller\\ArgumentResolver\\NotTaggedControllerValueResolver',
  50 => 'Symfony\\Component\\HttpKernel\\Controller\\ArgumentResolver\\RequestAttributeValueResolver',
  51 => 'Symfony\\Component\\HttpKernel\\Controller\\ArgumentResolver\\RequestValueResolver',
  52 => 'Symfony\\Component\\HttpKernel\\Controller\\ArgumentResolver\\ServiceValueResolver',
  53 => 'Symfony\\Component\\HttpKernel\\Controller\\ArgumentResolver\\SessionValueResolver',
  54 => 'Symfony\\Component\\HttpKernel\\Controller\\ArgumentResolver\\TraceableValueResolver',
  55 => 'Symfony\\Component\\HttpKernel\\Controller\\ArgumentResolver\\VariadicValueResolver',
  56 => 'Symfony\\Component\\HttpKernel\\Controller\\ArgumentValueResolverInterface',
  57 => 'Symfony\\Component\\HttpKernel\\Controller\\ContainerControllerResolver',
  58 => 'Symfony\\Component\\HttpKernel\\Controller\\ControllerReference',
  59 => 'Symfony\\Component\\HttpKernel\\Controller\\ControllerResolver',
  60 => 'Symfony\\Component\\HttpKernel\\Controller\\ControllerResolverInterface',
  61 => 'Symfony\\Component\\HttpKernel\\Controller\\ErrorController',
  62 => 'Symfony\\Component\\HttpKernel\\Controller\\TraceableArgumentResolver',
  63 => 'Symfony\\Component\\HttpKernel\\Controller\\TraceableControllerResolver',
  64 => 'Symfony\\Component\\Security\\Http\\Controller\\UserValueResolver',
);