<?php return array (
  0 => 'Symfony\\Bundle\\FrameworkBundle\\Controller\\AbstractController',
  1 => 'App\\Controller\\AboutController',
  2 => 'App\\Controller\\AdminController',
  3 => 'App\\Controller\\AiderController',
  4 => 'App\\Controller\\ArticleController',
  5 => 'App\\Controller\\ConfidentialiteController',
  6 => 'App\\Controller\\ContactController',
  7 => 'App\\Controller\\CookiesController',
  8 => 'App\\Controller\\EventPageController',
  9 => 'App\\Controller\\EventsController',
  10 => 'App\\Controller\\FAQController',
  11 => 'App\\Controller\\GestionCentreController',
  12 => 'App\\Controller\\GestionCommentController',
  13 => 'App\\Controller\\GestionEventController',
  14 => 'App\\Controller\\HomeController',
  15 => 'App\\Controller\\InsertArticleController',
  16 => 'App\\Controller\\InsertContactController',
  17 => 'App\\Controller\\InsertEventController',
  18 => 'App\\Controller\\InsertPhoneController',
  19 => 'App\\Controller\\ManagementOtherPeopleContentController',
  20 => 'App\\Controller\\ManagementPageController',
  21 => 'App\\Controller\\ManagementUserController',
  22 => 'App\\Controller\\MentionslegalesController',
  23 => 'App\\Controller\\NewsController',
  24 => 'App\\Controller\\Page404Controller',
  25 => 'App\\Controller\\RegistrationController',
  26 => 'App\\Controller\\RegistrationEventController',
  27 => 'App\\Controller\\ResetPasswordController',
  28 => 'App\\Controller\\SearchController',
  29 => 'App\\Controller\\SecurityController',
  30 => 'App\\Controller\\SuperadminController',
  31 => 'App\\Controller\\UpdateArticleController',
  32 => 'App\\Controller\\UpdateCenterController',
  33 => 'App\\Controller\\UpdateEventController',
  34 => 'App\\Controller\\UpdatePhoneController',
  35 => 'App\\Controller\\UserController',
  36 => 'App\\Controller\\VisitController',
  37 => 'App\\Entity\\Article',
  38 => 'App\\Entity\\Categorie',
  39 => 'App\\Entity\\Center',
  40 => 'App\\Entity\\Comment',
  41 => 'App\\Entity\\Event',
  42 => 'App\\Entity\\Img',
  43 => 'App\\Entity\\Page',
  44 => 'App\\Entity\\Phone',
  45 => 'App\\Entity\\PhoneType',
  46 => 'App\\Entity\\ResetPasswordRequest',
  47 => 'App\\Entity\\User',
  48 => 'App\\Entity\\Visit',
  49 => 'Doctrine\\Bundle\\DoctrineBundle\\Controller\\ProfilerController',
  50 => 'Doctrine\\ORM\\Cache\\Persister\\Entity\\AbstractEntityPersister',
  51 => 'Doctrine\\ORM\\Cache\\Persister\\Entity\\CachedEntityPersister',
  52 => 'Doctrine\\ORM\\Cache\\Persister\\Entity\\NonStrictReadWriteCachedEntityPersister',
  53 => 'Doctrine\\ORM\\Cache\\Persister\\Entity\\ReadOnlyCachedEntityPersister',
  54 => 'Doctrine\\ORM\\Cache\\Persister\\Entity\\ReadWriteCachedEntityPersister',
  55 => 'Doctrine\\ORM\\Persisters\\Entity\\AbstractEntityInheritancePersister',
  56 => 'Doctrine\\ORM\\Persisters\\Entity\\BasicEntityPersister',
  57 => 'Doctrine\\ORM\\Persisters\\Entity\\CachedPersisterContext',
  58 => 'Doctrine\\ORM\\Persisters\\Entity\\EntityPersister',
  59 => 'Doctrine\\ORM\\Persisters\\Entity\\JoinedSubclassPersister',
  60 => 'Doctrine\\ORM\\Persisters\\Entity\\SingleTablePersister',
  61 => 'SymfonyCasts\\Bundle\\ResetPassword\\Controller\\ResetPasswordControllerTrait',
  63 => 'Symfony\\Bundle\\FrameworkBundle\\Controller\\ControllerResolver',
  64 => 'Symfony\\Bundle\\FrameworkBundle\\Controller\\RedirectController',
  65 => 'Symfony\\Bundle\\FrameworkBundle\\Controller\\TemplateController',
  66 => 'Symfony\\Bundle\\WebProfilerBundle\\Controller\\ExceptionPanelController',
  67 => 'Symfony\\Bundle\\WebProfilerBundle\\Controller\\ProfilerController',
  68 => 'Symfony\\Bundle\\WebProfilerBundle\\Controller\\RouterController',
  69 => 'Symfony\\Component\\HttpKernel\\Controller\\ArgumentResolver',
  70 => 'Symfony\\Component\\HttpKernel\\Controller\\ArgumentResolverInterface',
  71 => 'Symfony\\Component\\HttpKernel\\Controller\\ArgumentResolver\\DefaultValueResolver',
  72 => 'Symfony\\Component\\HttpKernel\\Controller\\ArgumentResolver\\NotTaggedControllerValueResolver',
  73 => 'Symfony\\Component\\HttpKernel\\Controller\\ArgumentResolver\\RequestAttributeValueResolver',
  74 => 'Symfony\\Component\\HttpKernel\\Controller\\ArgumentResolver\\RequestValueResolver',
  75 => 'Symfony\\Component\\HttpKernel\\Controller\\ArgumentResolver\\ServiceValueResolver',
  76 => 'Symfony\\Component\\HttpKernel\\Controller\\ArgumentResolver\\SessionValueResolver',
  77 => 'Symfony\\Component\\HttpKernel\\Controller\\ArgumentResolver\\TraceableValueResolver',
  78 => 'Symfony\\Component\\HttpKernel\\Controller\\ArgumentResolver\\VariadicValueResolver',
  79 => 'Symfony\\Component\\HttpKernel\\Controller\\ArgumentValueResolverInterface',
  80 => 'Symfony\\Component\\HttpKernel\\Controller\\ContainerControllerResolver',
  81 => 'Symfony\\Component\\HttpKernel\\Controller\\ControllerReference',
  82 => 'Symfony\\Component\\HttpKernel\\Controller\\ControllerResolver',
  83 => 'Symfony\\Component\\HttpKernel\\Controller\\ControllerResolverInterface',
  84 => 'Symfony\\Component\\HttpKernel\\Controller\\ErrorController',
  85 => 'Symfony\\Component\\HttpKernel\\Controller\\TraceableArgumentResolver',
  86 => 'Symfony\\Component\\HttpKernel\\Controller\\TraceableControllerResolver',
  87 => 'Symfony\\Component\\Security\\Http\\Controller\\UserValueResolver',
);